// Jest Snapshot v1, https://goo.gl/fbAQLP

exports[`ArticleTextToggleButton test renders correctly 1`] = `
<div>
  <button
    class="itemButton"
  >
    Show more
  </button>
</div>
`;
